G 00
C 010
  011
D 100
B 1010
, 10110
A 10111
E 110
F 111
98
264
