A 000
V 00100
Y 00101
K 001100
. 001101
D 00111
R 0100
I 0101
O 0110
S 0111
, 100000
C 100001
H 10001
N 1001
T 1010
G 101100
U 101101
W 1011100
Z 10111010
P 10111011
B 101111
  110
E 1110
L 11110
F 111110
M 111111
1920
3592
